#-----------------------------------------------------------
# Webtalk v2018.1 (64-bit)
# SW Build 2188600 on Wed Apr  4 18:40:38 MDT 2018
# IP Build 2185939 on Wed Apr  4 20:55:05 MDT 2018
# Start of session at: Mon Jan 23 15:53:07 2023
# Process ID: 26044
# Current directory: C:/Xilinx/TFG/secded32bits_witherrsfixed/secded32bits_witherrsfixed.sim/sim_1/behav/xsim
# Command line: wbtcv.exe -mode batch -source C:/Xilinx/TFG/secded32bits_witherrsfixed/secded32bits_witherrsfixed.sim/sim_1/behav/xsim/xsim.dir/toplevel_tb_behav/webtalk/xsim_webtalk.tcl -notrace
# Log file: C:/Xilinx/TFG/secded32bits_witherrsfixed/secded32bits_witherrsfixed.sim/sim_1/behav/xsim/webtalk.log
# Journal file: C:/Xilinx/TFG/secded32bits_witherrsfixed/secded32bits_witherrsfixed.sim/sim_1/behav/xsim\webtalk.jou
#-----------------------------------------------------------
source C:/Xilinx/TFG/secded32bits_witherrsfixed/secded32bits_witherrsfixed.sim/sim_1/behav/xsim/xsim.dir/toplevel_tb_behav/webtalk/xsim_webtalk.tcl -notrace
